###############################################################################
#
# IAR ELF Linker V8.20.2.14835/W32 for ARM                19/Feb/2018  18:38:07
# Copyright 2007-2017 IAR Systems AB.
#
#    Output file  =  
#        C:\Users\Mihir\Desktop\IAR_Embedded_Programs\7SegmentDisplay\Debug\Exe\project.out
#    Map file     =  
#        C:\Users\Mihir\Desktop\IAR_Embedded_Programs\7SegmentDisplay\Debug\List\project.map
#    Command line =  
#        -f C:\Users\Mihir\AppData\Local\Temp\EW565D.tmp
#        (C:\Users\Mihir\Desktop\IAR_Embedded_Programs\7SegmentDisplay\Debug\Obj\main.o
#        -o
#        C:\Users\Mihir\Desktop\IAR_Embedded_Programs\7SegmentDisplay\Debug\Exe\project.out
#        --redirect _Printf=_PrintfFullNoMb --redirect _Scanf=_ScanfFullNoMb
#        --map
#        C:\Users\Mihir\Desktop\IAR_Embedded_Programs\7SegmentDisplay\Debug\List\project.map
#        --config "C:\Program Files (x86)\IAR Systems\Embedded Workbench
#        8.0\arm\config\linker\TexasInstruments\TM4C123GH6.icf" --semihosting
#        --entry __iar_program_start --vfe --text_out locale)
#
###############################################################################

*******************************************************************************
*** RUNTIME MODEL ATTRIBUTES
***

CppFlavor       = *
__SystemLibrary = DLib
__dlib_version  = 6


*******************************************************************************
*** HEAP SELECTION
***

The basic heap was selected because some modules are built with
size limitations (and not runtime checking), and --advanced_heap
was not specified.


*******************************************************************************
*** PLACEMENT SUMMARY
***

"A0":  place at 0x00000000 { ro section .intvec };
"P1":  place in [from 0x00000000 to 0x0003ffff] { ro };
define block CSTACK with size = 4K, alignment = 8 { };
define block HEAP with size = 8K, alignment = 8 { };
"P2":  place in [from 0x20000000 to 0x20007fff] {
          rw, block CSTACK, block HEAP };
initialize by copy { rw };

  Section            Kind        Address    Size  Object
  -------            ----        -------    ----  ------
"A0":                                       0x40
  .intvec            ro code  0x00000000    0x40  vector_table_M.o [5]
                            - 0x00000040    0x40

"P1":                                      0x1cc
  .text              ro code  0x00000040    0xbc  main.o [1]
  .text              ro code  0x000000fc    0x2c  copy_init3.o [5]
  Initializer bytes  const    0x00000128    0x2c  <for P2-1>
  .text              ro code  0x00000154    0x28  data_init.o [5]
  .text              ro code  0x0000017c    0x22  fpinit_M.o [4]
  .iar.init_table    const    0x000001a0    0x14  - Linker created -
  .text              ro code  0x000001b4     0x2  vector_table_M.o [5]
  .text              ro code  0x000001b8    0x1e  cmain.o [5]
  .text              ro code  0x000001d6     0x4  low_level_init.o [3]
  .text              ro code  0x000001da     0x4  exit.o [3]
  .text              ro code  0x000001e0     0xa  cexit.o [5]
  .text              ro code  0x000001ec    0x14  exit.o [6]
  .text              ro code  0x00000200     0xc  cstartup_M.o [5]
  .rodata            const    0x0000020c     0x0  copy_init3.o [5]
                            - 0x0000020c   0x1cc

"P2", part 1 of 2:                          0x2c
  P2-1                        0x20000000    0x2c  <Init block>
    .data            inited   0x20000000    0x28  main.o [1]
    .bss             inited   0x20000028     0x4  main.o [1]
                            - 0x2000002c    0x2c

"P2", part 2 of 2:                        0x1000
  CSTACK                      0x20000030  0x1000  <Block>
    CSTACK           uninit   0x20000030  0x1000  <Block tail>
                            - 0x20001030  0x1000


*******************************************************************************
*** INIT TABLE
***

          Address     Size
          -------     ----
Copy (__iar_copy_init3)
    1 source range, total size 0x2c:
          0x00000128  0x2c
    1 destination range, total size 0x2c:
          0x20000000  0x2c



*******************************************************************************
*** MODULE SUMMARY
***

    Module            ro code  ro data  rw data
    ------            -------  -------  -------
C:\Users\Mihir\Desktop\IAR_Embedded_Programs\7SegmentDisplay\Debug\Obj: [1]
    main.o                188       44       44
    -------------------------------------------
    Total:                188       44       44

command line: [2]
    -------------------------------------------
    Total:

dl7M_tln.a: [3]
    exit.o                  4
    low_level_init.o        4
    -------------------------------------------
    Total:                  8

m7M_tls.a: [4]
    fpinit_M.o             34
    -------------------------------------------
    Total:                 34

rt7M_tl.a: [5]
    cexit.o                10
    cmain.o                30
    copy_init3.o           44
    cstartup_M.o           12
    data_init.o            40
    vector_table_M.o       66
    -------------------------------------------
    Total:                202

shb_l.a: [6]
    exit.o                 20
    -------------------------------------------
    Total:                 20

    Gaps                    6        2
    Linker created                  20    4 096
-----------------------------------------------
    Grand Total:          458       66    4 140


*******************************************************************************
*** ENTRY LIST
***

Entry                      Address  Size  Type      Object
-----                      -------  ----  ----      ------
.iar.init_table$$Base   0x000001a0         --   Gb  - Linker created -
.iar.init_table$$Limit  0x000001b4         --   Gb  - Linker created -
?main                   0x000001b9        Code  Gb  cmain.o [5]
CSTACK$$Base            0x20000030         --   Gb  - Linker created -
CSTACK$$Limit           0x20001030         --   Gb  - Linker created -
Region$$Table$$Base     0x000001a0         --   Gb  - Linker created -
Region$$Table$$Limit    0x000001b4         --   Gb  - Linker created -
__cmain                 0x000001b9        Code  Gb  cmain.o [5]
__exit                  0x000001ed  0x14  Code  Gb  exit.o [6]
__iar_copy_init3        0x000000fd  0x2c  Code  Gb  copy_init3.o [5]
__iar_data_init3        0x00000155  0x28  Code  Gb  data_init.o [5]
__iar_init_vfp          0x0000017d        Code  Gb  fpinit_M.o [4]
__iar_program_start     0x00000201        Code  Gb  cstartup_M.o [5]
__iar_systems$$module {Abs}
                        0x00000001        Data  Gb  command line/config [2]
__low_level_init        0x000001d7   0x4  Code  Gb  low_level_init.o [3]
__vector_table          0x00000000        Data  Gb  vector_table_M.o [5]
_call_main              0x000001c5        Code  Gb  cmain.o [5]
_exit                   0x000001e1        Code  Gb  cexit.o [5]
_main                   0x000001d3        Code  Gb  cmain.o [5]
data_7_seg              0x20000000  0x28  Data  Gb  main.o [1]
delay                   0x00000041  0x10  Code  Gb  main.o [1]
exit                    0x000001db   0x4  Code  Gb  exit.o [3]
index                   0x20000028   0x4  Data  Gb  main.o [1]
main                    0x0000009b  0x32  Code  Gb  main.o [1]
portBInit               0x00000051  0x4a  Code  Gb  main.o [1]


[1] = C:\Users\Mihir\Desktop\IAR_Embedded_Programs\7SegmentDisplay\Debug\Obj
[2] = command line
[3] = dl7M_tln.a
[4] = m7M_tls.a
[5] = rt7M_tl.a
[6] = shb_l.a

    458 bytes of readonly  code memory
     66 bytes of readonly  data memory
  4 140 bytes of readwrite data memory

Errors: none
Warnings: none
