###############################################################################
#
# IAR ELF Linker V8.20.2.14835/W32 for ARM                28/Feb/2018  23:23:45
# Copyright 2007-2017 IAR Systems AB.
#
#    Output file  =  
#        C:\Users\Mihir\Desktop\IAR_Embedded_Programs\Interrupts_Timers_LED\Debug\Exe\project.out
#    Map file     =  
#        C:\Users\Mihir\Desktop\IAR_Embedded_Programs\Interrupts_Timers_LED\Debug\List\project.map
#    Command line =  
#        -f C:\Users\Mihir\AppData\Local\Temp\EW9102.tmp
#        (C:\Users\Mihir\Desktop\IAR_Embedded_Programs\Interrupts_Timers_LED\Debug\Obj\cstartup_M.o
#        C:\Users\Mihir\Desktop\IAR_Embedded_Programs\Interrupts_Timers_LED\Debug\Obj\main.o
#        -o
#        C:\Users\Mihir\Desktop\IAR_Embedded_Programs\Interrupts_Timers_LED\Debug\Exe\project.out
#        --redirect _Printf=_PrintfFullNoMb --redirect _Scanf=_ScanfFullNoMb
#        --map
#        C:\Users\Mihir\Desktop\IAR_Embedded_Programs\Interrupts_Timers_LED\Debug\List\project.map
#        --config "C:\Program Files (x86)\IAR Systems\Embedded Workbench
#        8.0\arm\config\linker\TexasInstruments\TM4C123GH6.icf" --semihosting
#        --entry __iar_program_start --vfe --text_out locale)
#
###############################################################################

*******************************************************************************
*** RUNTIME MODEL ATTRIBUTES
***

CppFlavor       = *
__SystemLibrary = DLib
__dlib_version  = 6


*******************************************************************************
*** HEAP SELECTION
***

The basic heap was selected because some modules are built with
size limitations (and not runtime checking), and --advanced_heap
was not specified.


*******************************************************************************
*** PLACEMENT SUMMARY
***

"A0":  place at 0x00000000 { ro section .intvec };
"P1":  place in [from 0x00000000 to 0x0003ffff] { ro };
define block CSTACK with size = 4K, alignment = 8 { };
define block HEAP with size = 8K, alignment = 8 { };
"P2":  place in [from 0x20000000 to 0x20007fff] {
          rw, block CSTACK, block HEAP };

No sections matched the following patterns:

  rw  in "P2"


  Section   Kind        Address    Size  Object
  -------   ----        -------    ----  ------
"A0":                              0x90
  .intvec   const    0x00000000    0x90  cstartup_M.o [1]
                   - 0x00000090    0x90

"P1":                             0x1a4
  .text     ro code  0x00000090   0x11c  main.o [1]
  .text     ro code  0x000001ac    0x22  fpinit_M.o [4]
  .text     ro code  0x000001ce     0x2  cstartup_M.o [1]
  .text     ro code  0x000001d0    0x1e  cmain.o [5]
  .text     ro code  0x000001ee     0x4  low_level_init.o [3]
  .text     ro code  0x000001f2     0x4  exit.o [3]
  .text     ro code  0x000001f6     0x2  cstartup_M.o [1]
  .text     ro code  0x000001f8     0xa  cexit.o [5]
  .text     ro code  0x00000202     0x2  cstartup_M.o [1]
  .text     ro code  0x00000204    0x14  exit.o [6]
  .text     ro code  0x00000218    0x10  cstartup_M.o [1]
  .text     ro code  0x00000228     0x2  cstartup_M.o [1]
  .text     ro code  0x0000022a     0x2  cstartup_M.o [1]
  .text     ro code  0x0000022c     0x2  cstartup_M.o [1]
  .text     ro code  0x0000022e     0x2  cstartup_M.o [1]
  .text     ro code  0x00000230     0x2  cstartup_M.o [1]
  .text     ro code  0x00000232     0x2  cstartup_M.o [1]
                   - 0x00000234   0x1a4

"P2":                            0x1000
  CSTACK             0x20000000  0x1000  <Block>
    CSTACK  uninit   0x20000000  0x1000  <Block tail>
                   - 0x20001000  0x1000



*******************************************************************************
*** MODULE SUMMARY
***

    Module            ro code  ro data  rw data
    ------            -------  -------  -------
C:\Users\Mihir\Desktop\IAR_Embedded_Programs\Interrupts_Timers_LED\Debug\Obj: [1]
    cstartup_M.o           34      144
    main.o                284
    -------------------------------------------
    Total:                318      144

command line: [2]
    -------------------------------------------
    Total:

dl7M_tln.a: [3]
    exit.o                  4
    low_level_init.o        4
    -------------------------------------------
    Total:                  8

m7M_tls.a: [4]
    fpinit_M.o             34
    -------------------------------------------
    Total:                 34

rt7M_tl.a: [5]
    cexit.o                10
    cmain.o                30
    -------------------------------------------
    Total:                 40

shb_l.a: [6]
    exit.o                 20
    -------------------------------------------
    Total:                 20

    Linker created                        4 096
-----------------------------------------------
    Grand Total:          420      144    4 096


*******************************************************************************
*** ENTRY LIST
***

Entry                      Address  Size  Type      Object
-----                      -------  ----  ----      ------
?main                   0x000001d1        Code  Gb  cmain.o [5]
CSTACK$$Base            0x20000000         --   Gb  - Linker created -
CSTACK$$Limit           0x20001000         --   Gb  - Linker created -
Region$$Table$$Base     0x00000000         --   Gb  - Linker created -
Region$$Table$$Limit    0x00000000         --   Gb  - Linker created -
Timer0A_Handler         0x00000091  0x1a  Code  Gb  main.o [1]
__cmain                 0x000001d1        Code  Gb  cmain.o [5]
__exit                  0x00000205  0x14  Code  Gb  exit.o [6]
__iar_init_vfp          0x000001ad        Code  Gb  fpinit_M.o [4]
__iar_program_start     0x00000219  0x10  Code  Gb  cstartup_M.o [1]
__iar_systems$$module {Abs}
                        0x00000001        Data  Gb  command line/config [2]
__low_level_init        0x000001ef   0x4  Code  Gb  low_level_init.o [3]
__vector_table          0x00000000  0x90  Data  Gb  cstartup_M.o [1]
_call_main              0x000001dd        Code  Gb  cmain.o [5]
_exit                   0x000001f9        Code  Gb  cexit.o [5]
_main                   0x000001eb        Code  Gb  cmain.o [5]
exit                    0x000001f3   0x4  Code  Gb  exit.o [3]
main                    0x00000157  0x12  Code  Gb  main.o [1]
portFInit               0x0000010d  0x4a  Code  Gb  main.o [1]
timer0Init              0x000000ab  0x62  Code  Gb  main.o [1]


[1] = C:\Users\Mihir\Desktop\IAR_Embedded_Programs\Interrupts_Timers_LED\Debug\Obj
[2] = command line
[3] = dl7M_tln.a
[4] = m7M_tls.a
[5] = rt7M_tl.a
[6] = shb_l.a

    420 bytes of readonly  code memory
    144 bytes of readonly  data memory
  4 096 bytes of readwrite data memory

Errors: none
Warnings: none
