###############################################################################
#
# IAR ELF Linker V8.20.2.14835/W32 for ARM                19/Feb/2018  00:23:47
# Copyright 2007-2017 IAR Systems AB.
#
#    Output file  =  
#        C:\Users\Mihir\Desktop\IAR_Embedded_Programs\Onboard_LED_Switch\Debug\Exe\project.out
#    Map file     =  
#        C:\Users\Mihir\Desktop\IAR_Embedded_Programs\Onboard_LED_Switch\Debug\List\project.map
#    Command line =  
#        -f C:\Users\Mihir\AppData\Local\Temp\EW4FE3.tmp
#        (C:\Users\Mihir\Desktop\IAR_Embedded_Programs\Onboard_LED_Switch\Debug\Obj\main.o
#        -o
#        C:\Users\Mihir\Desktop\IAR_Embedded_Programs\Onboard_LED_Switch\Debug\Exe\project.out
#        --redirect _Printf=_PrintfFullNoMb --redirect _Scanf=_ScanfFullNoMb
#        --map
#        C:\Users\Mihir\Desktop\IAR_Embedded_Programs\Onboard_LED_Switch\Debug\List\project.map
#        --config "C:\Program Files (x86)\IAR Systems\Embedded Workbench
#        8.0\arm\config\linker\TexasInstruments\TM4C123GH6.icf" --semihosting
#        --entry __iar_program_start --vfe --text_out locale)
#
###############################################################################

*******************************************************************************
*** RUNTIME MODEL ATTRIBUTES
***

CppFlavor       = *
__SystemLibrary = DLib
__dlib_version  = 6


*******************************************************************************
*** HEAP SELECTION
***

The basic heap was selected because some modules are built with
size limitations (and not runtime checking), and --advanced_heap
was not specified.


*******************************************************************************
*** PLACEMENT SUMMARY
***

"A0":  place at 0x00000000 { ro section .intvec };
"P1":  place in [from 0x00000000 to 0x0003ffff] { ro };
define block CSTACK with size = 4K, alignment = 8 { };
define block HEAP with size = 8K, alignment = 8 { };
"P2":  place in [from 0x20000000 to 0x20007fff] {
          rw, block CSTACK, block HEAP };

No sections matched the following patterns:

  rw  in "P2"


  Section   Kind        Address    Size  Object
  -------   ----        -------    ----  ------
"A0":                              0x40
  .intvec   ro code  0x00000000    0x40  vector_table_M.o [5]
                   - 0x00000040    0x40

"P1":                             0x124
  .text     ro code  0x00000040    0xac  main.o [1]
  .text     ro code  0x000000ec    0x22  fpinit_M.o [4]
  .text     ro code  0x0000010e     0x2  vector_table_M.o [5]
  .text     ro code  0x00000110    0x1e  cmain.o [5]
  .text     ro code  0x0000012e     0x4  low_level_init.o [3]
  .text     ro code  0x00000132     0x4  exit.o [3]
  .text     ro code  0x00000138     0xa  cexit.o [5]
  .text     ro code  0x00000144    0x14  exit.o [6]
  .text     ro code  0x00000158     0xc  cstartup_M.o [5]
                   - 0x00000164   0x124

"P2":                            0x1000
  CSTACK             0x20000000  0x1000  <Block>
    CSTACK  uninit   0x20000000  0x1000  <Block tail>
                   - 0x20001000  0x1000



*******************************************************************************
*** MODULE SUMMARY
***

    Module            ro code  rw data
    ------            -------  -------
C:\Users\Mihir\Desktop\IAR_Embedded_Programs\Onboard_LED_Switch\Debug\Obj: [1]
    main.o                172
    ----------------------------------
    Total:                172

command line: [2]
    ----------------------------------
    Total:

dl7M_tln.a: [3]
    exit.o                  4
    low_level_init.o        4
    ----------------------------------
    Total:                  8

m7M_tls.a: [4]
    fpinit_M.o             34
    ----------------------------------
    Total:                 34

rt7M_tl.a: [5]
    cexit.o                10
    cmain.o                30
    cstartup_M.o           12
    vector_table_M.o       66
    ----------------------------------
    Total:                118

shb_l.a: [6]
    exit.o                 20
    ----------------------------------
    Total:                 20

    Gaps                    4
    Linker created               4 096
--------------------------------------
    Grand Total:          356    4 096


*******************************************************************************
*** ENTRY LIST
***

Entry                      Address  Size  Type      Object
-----                      -------  ----  ----      ------
?main                   0x00000111        Code  Gb  cmain.o [5]
CSTACK$$Base            0x20000000         --   Gb  - Linker created -
CSTACK$$Limit           0x20001000         --   Gb  - Linker created -
Region$$Table$$Base     0x00000000         --   Gb  - Linker created -
Region$$Table$$Limit    0x00000000         --   Gb  - Linker created -
__cmain                 0x00000111        Code  Gb  cmain.o [5]
__exit                  0x00000145  0x14  Code  Gb  exit.o [6]
__iar_init_vfp          0x000000ed        Code  Gb  fpinit_M.o [4]
__iar_program_start     0x00000159        Code  Gb  cstartup_M.o [5]
__iar_systems$$module {Abs}
                        0x00000001        Data  Gb  command line/config [2]
__low_level_init        0x0000012f   0x4  Code  Gb  low_level_init.o [3]
__vector_table          0x00000000        Data  Gb  vector_table_M.o [5]
_call_main              0x0000011d        Code  Gb  cmain.o [5]
_exit                   0x00000139        Code  Gb  cexit.o [5]
_main                   0x0000012b        Code  Gb  cmain.o [5]
exit                    0x00000133   0x4  Code  Gb  exit.o [3]
main                    0x0000008b  0x42  Code  Gb  main.o [1]
portFInit               0x00000041  0x4a  Code  Gb  main.o [1]


[1] = C:\Users\Mihir\Desktop\IAR_Embedded_Programs\Onboard_LED_Switch\Debug\Obj
[2] = command line
[3] = dl7M_tln.a
[4] = m7M_tls.a
[5] = rt7M_tl.a
[6] = shb_l.a

    356 bytes of readonly  code memory
  4 096 bytes of readwrite data memory

Errors: none
Warnings: none
